******************************************************************************
                  MSP430 Linker PC v16.9.4                     
******************************************************************************
>> Linked Wed Nov 29 13:39:15 2017

OUTPUT FILE NAME:   <Proj_Micro.out>
ENTRY POINT SYMBOL: "_c_int00_noargs_noexit"  address: 0000c6ae


MEMORY CONFIGURATION

         name            origin    length      used     unused   attr    fill
----------------------  --------  ---------  --------  --------  ----  --------
  SFR                   00000000   00000010  00000000  00000010  RWIX
  PERIPHERALS_8BIT      00000010   000000f0  00000000  000000f0  RWIX
  PERIPHERALS_16BIT     00000100   00000100  00000000  00000100  RWIX
  RAM                   00000200   00000200  0000005e  000001a2  RWIX
  INFOD                 00001000   00000040  00000000  00000040  RWIX
  INFOC                 00001040   00000040  00000000  00000040  RWIX
  INFOB                 00001080   00000040  00000000  00000040  RWIX
  INFOA                 000010c0   00000040  00000000  00000040  RWIX
  FLASH                 0000c000   00003fde  00000a14  000035ca  RWIX
  BSLSIGNATURE          0000ffde   00000002  00000002  00000000  RWIX  ffff 
  INT00                 0000ffe0   00000002  00000002  00000000  RWIX
  INT01                 0000ffe2   00000002  00000000  00000002  RWIX
  INT02                 0000ffe4   00000002  00000002  00000000  RWIX
  INT03                 0000ffe6   00000002  00000002  00000000  RWIX
  INT04                 0000ffe8   00000002  00000000  00000002  RWIX
  INT05                 0000ffea   00000002  00000002  00000000  RWIX
  INT06                 0000ffec   00000002  00000002  00000000  RWIX
  INT07                 0000ffee   00000002  00000002  00000000  RWIX
  INT08                 0000fff0   00000002  00000002  00000000  RWIX
  INT09                 0000fff2   00000002  00000002  00000000  RWIX
  INT10                 0000fff4   00000002  00000002  00000000  RWIX
  INT11                 0000fff6   00000002  00000002  00000000  RWIX
  INT12                 0000fff8   00000002  00000002  00000000  RWIX
  INT13                 0000fffa   00000002  00000002  00000000  RWIX
  INT14                 0000fffc   00000002  00000002  00000000  RWIX
  RESET                 0000fffe   00000002  00000002  00000000  RWIX


SECTION ALLOCATION MAP

 output                                  attributes/
section   page    origin      length       input sections
--------  ----  ----------  ----------   ----------------
.bss       0    00000200    0000000e     UNINITIALIZED
                  00000200    00000004     (.common:sensor)
                  00000204    00000002     (.common:ex)
                  00000206    00000002     (.common:miliseconds)
                  00000208    00000002     (.common:nivel)
                  0000020a    00000002     (.common:rep)
                  0000020c    00000002     (.common:sr)

.stack     0    000003b0    00000050     UNINITIALIZED
                  000003b0    00000002     rts430_eabi.lib : boot.obj (.stack)
                  000003b2    0000004e     --HOLE--

.text      0    0000c000    00000776     
                  0000c000    000000ec     main.obj (.text:exer)
                  0000c0ec    00000092     main.obj (.text:main)
                  0000c17e    00000080     Display.obj (.text:writeIntToLCD)
                  0000c1fe    0000006e     rts430_eabi.lib : autoinit.obj (.text:_auto_init)
                  0000c26c    00000060     main.obj (.text:Port_1)
                  0000c2cc    0000005a     rts430_eabi.lib : cpy_tbl.obj (.text:copy_in)
                  0000c326    00000058                     : div32u.obj (.text)
                  0000c37e    00000056     main.obj (.text:Port_2)
                  0000c3d4    0000004c     main.obj (.text:fim)
                  0000c420    00000044     main.obj (.text:tela_padrao)
                  0000c464    00000042     Display.obj (.text:writeCharToLCD)
                  0000c4a6    00000040     rts430_eabi.lib : div32s.obj (.text)
                  0000c4e6    0000003a     main.obj (.text:medir_dist)
                  0000c520    0000003a     main.obj (.text:reset_ex)
                  0000c55a    00000034     Display.obj (.text:initLCD)
                  0000c58e    00000032     main.obj (.text:config_display)
                  0000c5c0    0000002e     Display.obj (.text:clearLCD)
                  0000c5ee    0000002c     rts430_eabi.lib : div16s.obj (.text)
                  0000c61a    0000002a     main.obj (.text:config_sensor)
                  0000c644    00000026     rts430_eabi.lib : mult32.obj (.text)
                  0000c66a    00000022     main.obj (.text:config_botoes)
                  0000c68c    00000022     Display.obj (.text:writeToLCD)
                  0000c6ae    0000001a     rts430_eabi.lib : boot_special.obj (.text:_c_int00_noargs_noexit)
                  0000c6c8    0000001a     Display.obj (.text:setAddr)
                  0000c6e2    00000016     rts430_eabi.lib : div16u.obj (.text)
                  0000c6f8    00000016     Display.obj (.text:writeStringToLCD)
                  0000c70e    00000014     rts430_eabi.lib : copy_zero_init.obj (.text:decompress:ZI:__TI_zero_init)
                  0000c722    00000014                     : mult16.obj (.text)
                  0000c736    00000012                     : memcpy.obj (.text:memcpy)
                  0000c748    00000010                     : epilog.obj (.text)
                  0000c758    0000000a     main.obj (.text:Timer_A0)
                  0000c762    00000008     rts430_eabi.lib : isr_trap.obj (.text:_isr:__TI_ISR_TRAP)
                  0000c76a    00000006                     : exit.obj (.text:abort)
                  0000c770    00000004                     : pre_init.obj (.text:_system_pre_init)
                  0000c774    00000002                     : startup.obj (.text:_system_post_cinit)

.binit     0    0000c000    00000000     

.const     0    0000c776    00000294     
                  0000c776    000001e0     Display.obj (.const:font)
                  0000c956    00000048     main.obj (.const:.string)
                  0000c99e    00000024     main.obj (.const:nome)
                  0000c9c2    00000024     main.obj (.const:repeticoes)
                  0000c9e6    00000024     main.obj (.const:series)

.cinit     0    0000ca0a    0000000a     
                  0000ca0a    00000004     (.cinit..bss.load) [load image, compression = zero_init]
                  0000ca0e    00000002     (__TI_handler_table)
                  0000ca10    00000004     (__TI_cinit_table)

.init_array 
*          0    0000c000    00000000     UNINITIALIZED

TRAPINT    0    0000ffe0    00000002     
                  0000ffe0    00000002     rts430_eabi.lib : int00.obj (.int00)

PORT1      0    0000ffe4    00000002     
                  0000ffe4    00000002     main.obj (.int02)

PORT2      0    0000ffe6    00000002     
                  0000ffe6    00000002     main.obj (.int03)

$fill000   0    0000ffde    00000002     
                  0000ffde    00000002     --HOLE-- [fill = ffff]

ADC10      0    0000ffea    00000002     
                  0000ffea    00000002     rts430_eabi.lib : int05.obj (.int05)

USCIAB0TX 
*          0    0000ffec    00000002     
                  0000ffec    00000002     rts430_eabi.lib : int06.obj (.int06)

USCIAB0RX 
*          0    0000ffee    00000002     
                  0000ffee    00000002     rts430_eabi.lib : int07.obj (.int07)

TIMER0_A1 
*          0    0000fff0    00000002     
                  0000fff0    00000002     rts430_eabi.lib : int08.obj (.int08)

TIMER0_A0 
*          0    0000fff2    00000002     
                  0000fff2    00000002     main.obj (.int09)

WDT        0    0000fff4    00000002     
                  0000fff4    00000002     rts430_eabi.lib : int10.obj (.int10)

COMPARATORA 
*          0    0000fff6    00000002     
                  0000fff6    00000002     rts430_eabi.lib : int11.obj (.int11)

TIMER1_A1 
*          0    0000fff8    00000002     
                  0000fff8    00000002     rts430_eabi.lib : int12.obj (.int12)

TIMER1_A0 
*          0    0000fffa    00000002     
                  0000fffa    00000002     rts430_eabi.lib : int13.obj (.int13)

NMI        0    0000fffc    00000002     
                  0000fffc    00000002     rts430_eabi.lib : int14.obj (.int14)

.reset     0    0000fffe    00000002     
                  0000fffe    00000002     rts430_eabi.lib : boot.obj (.reset)

MODULE SUMMARY

       Module               code   ro data   rw data
       ------               ----   -------   -------
    .\
       main.obj             960    186       14     
       Display.obj          374    480       0      
    +--+--------------------+------+---------+---------+
       Total:               1334   666       14     
                                                    
    C:\ti\ccsv7\tools\compiler\ti-cgt-msp430_16.9.4.LTS\lib\rts430_eabi.lib
       autoinit.obj         110    0         0      
       cpy_tbl.obj          90     0         0      
       div32u.obj           88     0         0      
       div32s.obj           64     0         0      
       div16s.obj           44     0         0      
       mult32.obj           38     0         0      
       boot_special.obj     26     0         0      
       div16u.obj           22     0         0      
       copy_zero_init.obj   20     0         0      
       mult16.obj           20     0         0      
       memcpy.obj           18     0         0      
       epilog.obj           16     0         0      
       isr_trap.obj         8      0         0      
       exit.obj             6      0         0      
       pre_init.obj         4      0         0      
       boot.obj             0      2         0      
       int00.obj            0      2         0      
       int05.obj            0      2         0      
       int06.obj            0      2         0      
       int07.obj            0      2         0      
       int08.obj            0      2         0      
       int10.obj            0      2         0      
       int11.obj            0      2         0      
       int12.obj            0      2         0      
       int13.obj            0      2         0      
       int14.obj            0      2         0      
       startup.obj          2      0         0      
    +--+--------------------+------+---------+---------+
       Total:               576    22        0      
                                                    
       Stack:               0      0         80     
       Linker Generated:    0      10        0      
    +--+--------------------+------+---------+---------+
       Grand Total:         1910   698       94     


LINKER GENERATED COPY TABLES

__TI_cinit_table @ 0000ca10 records: 1, size/record: 4, table size: 4
	.bss: load addr=0000ca0a, load size=00000004 bytes, run addr=00000200, run size=0000000e bytes, compression=zero_init


LINKER GENERATED HANDLER TABLE

__TI_handler_table @ 0000ca0e records: 1, size/record: 2, table size: 2
	index: 0, handler: __TI_zero_init


GLOBAL SYMBOLS: SORTED ALPHABETICALLY BY Name 

address   name                    
-------   ----                    
0000004a  ADC10AE0                
000001b0  ADC10CTL0               
000001b2  ADC10CTL1               
00000048  ADC10DTC0               
00000049  ADC10DTC1               
000001b4  ADC10MEM                
000001bc  ADC10SA                 
00000057  BCSCTL1                 
00000058  BCSCTL2                 
00000053  BCSCTL3                 
0000c76a  C$$EXIT                 
00000059  CACTL1                  
0000005a  CACTL2                  
000010fb  CALBC1_12MHZ            
000010f9  CALBC1_16MHZ            
000010ff  CALBC1_1MHZ             
000010fd  CALBC1_8MHZ             
000010fa  CALDCO_12MHZ            
000010f8  CALDCO_16MHZ            
000010fe  CALDCO_1MHZ             
000010fc  CALDCO_8MHZ             
0000005b  CAPD                    
00000056  DCOCTL                  
00000128  FCTL1                   
0000012a  FCTL2                   
0000012c  FCTL3                   
00000000  IE1                     
00000001  IE2                     
00000002  IFG1                    
00000003  IFG2                    
00000022  P1DIR                   
00000025  P1IE                    
00000024  P1IES                   
00000023  P1IFG                   
00000020  P1IN                    
00000021  P1OUT                   
00000027  P1REN                   
00000026  P1SEL                   
00000041  P1SEL2                  
0000002a  P2DIR                   
0000002d  P2IE                    
0000002c  P2IES                   
0000002b  P2IFG                   
00000028  P2IN                    
00000029  P2OUT                   
0000002f  P2REN                   
0000002e  P2SEL                   
00000042  P2SEL2                  
0000001a  P3DIR                   
00000018  P3IN                    
00000019  P3OUT                   
00000010  P3REN                   
0000001b  P3SEL                   
00000043  P3SEL2                  
0000c26c  Port_1                  
0000c37e  Port_2                  
00000172  TA0CCR0                 
00000174  TA0CCR1                 
00000176  TA0CCR2                 
00000162  TA0CCTL0                
00000164  TA0CCTL1                
00000166  TA0CCTL2                
00000160  TA0CTL                  
0000012e  TA0IV                   
00000170  TA0R                    
00000192  TA1CCR0                 
00000194  TA1CCR1                 
00000196  TA1CCR2                 
00000182  TA1CCTL0                
00000184  TA1CCTL1                
00000186  TA1CCTL2                
00000180  TA1CTL                  
0000011e  TA1IV                   
00000190  TA1R                    
000010db  TLV_ADC10_1_LEN         
000010da  TLV_ADC10_1_TAG         
000010c0  TLV_CHECKSUM            
000010f7  TLV_DCO_30_LEN          
000010f6  TLV_DCO_30_TAG          
0000c758  Timer_A0                
0000005d  UCA0ABCTL               
00000062  UCA0BR0                 
00000063  UCA0BR1                 
00000060  UCA0CTL0                
00000061  UCA0CTL1                
0000005f  UCA0IRRCTL              
0000005e  UCA0IRTCTL              
00000064  UCA0MCTL                
00000066  UCA0RXBUF               
00000065  UCA0STAT                
00000067  UCA0TXBUF               
0000006a  UCB0BR0                 
0000006b  UCB0BR1                 
00000068  UCB0CTL0                
00000069  UCB0CTL1                
0000006c  UCB0I2CIE               
00000118  UCB0I2COA               
0000011a  UCB0I2CSA               
0000006e  UCB0RXBUF               
0000006d  UCB0STAT                
0000006f  UCB0TXBUF               
00000120  WDTCTL                  
00000400  __STACK_END             
00000050  __STACK_SIZE            
UNDEFED   __TI_BINIT_Base         
UNDEFED   __TI_BINIT_Limit        
0000ca10  __TI_CINIT_Base         
0000ca14  __TI_CINIT_Limit        
0000ca0e  __TI_Handler_Table_Base 
0000ca10  __TI_Handler_Table_Limit
UNDEFED   __TI_INITARRAY_Base     
UNDEFED   __TI_INITARRAY_Limit    
0000c762  __TI_ISR_TRAP           
0000ffe0  __TI_int00              
0000ffe4  __TI_int02              
0000ffe6  __TI_int03              
0000ffea  __TI_int05              
0000ffec  __TI_int06              
0000ffee  __TI_int07              
0000fff0  __TI_int08              
0000fff2  __TI_int09              
0000fff4  __TI_int10              
0000fff6  __TI_int11              
0000fff8  __TI_int12              
0000fffa  __TI_int13              
0000fffc  __TI_int14              
ffffffff  __TI_pprof_out_hndl     
ffffffff  __TI_prof_data_size     
ffffffff  __TI_prof_data_start    
0000c70e  __TI_zero_init          
ffffffff  __c_args__              
0000c5ee  __mspabi_divi           
0000c4a6  __mspabi_divli          
0000c6e2  __mspabi_divu           
0000c326  __mspabi_divul          
0000c754  __mspabi_func_epilog_1  
0000c752  __mspabi_func_epilog_2  
0000c750  __mspabi_func_epilog_3  
0000c74e  __mspabi_func_epilog_4  
0000c74c  __mspabi_func_epilog_5  
0000c74a  __mspabi_func_epilog_6  
0000c748  __mspabi_func_epilog_7  
0000c722  __mspabi_mpyi           
0000c722  __mspabi_mpyi_sw        
0000c644  __mspabi_mpyl           
0000c644  __mspabi_mpyl_sw        
0000c5ee  __mspabi_remi           
0000c4a6  __mspabi_remli          
0000c6e2  __mspabi_remu           
0000c326  __mspabi_remul          
0000c1fe  _auto_init              
0000c6ae  _c_int00_noargs_noexit  
0000fffe  _reset_vector           
000003b0  _stack                  
0000c774  _system_post_cinit      
0000c770  _system_pre_init        
0000c76a  abort                   
0000c5c0  clearLCD                
0000c66a  config_botoes           
0000c58e  config_display          
0000c61a  config_sensor           
0000c2cc  copy_in                 
00000204  ex                      
0000c000  exer                    
0000c3d4  fim                     
0000c55a  initLCD                 
0000c0ec  main                    
0000c4e6  medir_dist              
0000c736  memcpy                  
00000206  miliseconds             
00000208  nivel                   
0000c99e  nome                    
0000020a  rep                     
0000c9c2  repeticoes              
0000c520  reset_ex                
00000200  sensor                  
0000c9e6  series                  
0000c6c8  setAddr                 
0000020c  sr                      
0000c420  tela_padrao             
0000c464  writeCharToLCD          
0000c17e  writeIntToLCD           
0000c6f8  writeStringToLCD        
0000c68c  writeToLCD              


GLOBAL SYMBOLS: SORTED BY Symbol Address 

address   name                    
-------   ----                    
00000000  IE1                     
00000001  IE2                     
00000002  IFG1                    
00000003  IFG2                    
00000010  P3REN                   
00000018  P3IN                    
00000019  P3OUT                   
0000001a  P3DIR                   
0000001b  P3SEL                   
00000020  P1IN                    
00000021  P1OUT                   
00000022  P1DIR                   
00000023  P1IFG                   
00000024  P1IES                   
00000025  P1IE                    
00000026  P1SEL                   
00000027  P1REN                   
00000028  P2IN                    
00000029  P2OUT                   
0000002a  P2DIR                   
0000002b  P2IFG                   
0000002c  P2IES                   
0000002d  P2IE                    
0000002e  P2SEL                   
0000002f  P2REN                   
00000041  P1SEL2                  
00000042  P2SEL2                  
00000043  P3SEL2                  
00000048  ADC10DTC0               
00000049  ADC10DTC1               
0000004a  ADC10AE0                
00000050  __STACK_SIZE            
00000053  BCSCTL3                 
00000056  DCOCTL                  
00000057  BCSCTL1                 
00000058  BCSCTL2                 
00000059  CACTL1                  
0000005a  CACTL2                  
0000005b  CAPD                    
0000005d  UCA0ABCTL               
0000005e  UCA0IRTCTL              
0000005f  UCA0IRRCTL              
00000060  UCA0CTL0                
00000061  UCA0CTL1                
00000062  UCA0BR0                 
00000063  UCA0BR1                 
00000064  UCA0MCTL                
00000065  UCA0STAT                
00000066  UCA0RXBUF               
00000067  UCA0TXBUF               
00000068  UCB0CTL0                
00000069  UCB0CTL1                
0000006a  UCB0BR0                 
0000006b  UCB0BR1                 
0000006c  UCB0I2CIE               
0000006d  UCB0STAT                
0000006e  UCB0RXBUF               
0000006f  UCB0TXBUF               
00000118  UCB0I2COA               
0000011a  UCB0I2CSA               
0000011e  TA1IV                   
00000120  WDTCTL                  
00000128  FCTL1                   
0000012a  FCTL2                   
0000012c  FCTL3                   
0000012e  TA0IV                   
00000160  TA0CTL                  
00000162  TA0CCTL0                
00000164  TA0CCTL1                
00000166  TA0CCTL2                
00000170  TA0R                    
00000172  TA0CCR0                 
00000174  TA0CCR1                 
00000176  TA0CCR2                 
00000180  TA1CTL                  
00000182  TA1CCTL0                
00000184  TA1CCTL1                
00000186  TA1CCTL2                
00000190  TA1R                    
00000192  TA1CCR0                 
00000194  TA1CCR1                 
00000196  TA1CCR2                 
000001b0  ADC10CTL0               
000001b2  ADC10CTL1               
000001b4  ADC10MEM                
000001bc  ADC10SA                 
00000200  sensor                  
00000204  ex                      
00000206  miliseconds             
00000208  nivel                   
0000020a  rep                     
0000020c  sr                      
000003b0  _stack                  
00000400  __STACK_END             
000010c0  TLV_CHECKSUM            
000010da  TLV_ADC10_1_TAG         
000010db  TLV_ADC10_1_LEN         
000010f6  TLV_DCO_30_TAG          
000010f7  TLV_DCO_30_LEN          
000010f8  CALDCO_16MHZ            
000010f9  CALBC1_16MHZ            
000010fa  CALDCO_12MHZ            
000010fb  CALBC1_12MHZ            
000010fc  CALDCO_8MHZ             
000010fd  CALBC1_8MHZ             
000010fe  CALDCO_1MHZ             
000010ff  CALBC1_1MHZ             
0000c000  exer                    
0000c0ec  main                    
0000c17e  writeIntToLCD           
0000c1fe  _auto_init              
0000c26c  Port_1                  
0000c2cc  copy_in                 
0000c326  __mspabi_divul          
0000c326  __mspabi_remul          
0000c37e  Port_2                  
0000c3d4  fim                     
0000c420  tela_padrao             
0000c464  writeCharToLCD          
0000c4a6  __mspabi_divli          
0000c4a6  __mspabi_remli          
0000c4e6  medir_dist              
0000c520  reset_ex                
0000c55a  initLCD                 
0000c58e  config_display          
0000c5c0  clearLCD                
0000c5ee  __mspabi_divi           
0000c5ee  __mspabi_remi           
0000c61a  config_sensor           
0000c644  __mspabi_mpyl           
0000c644  __mspabi_mpyl_sw        
0000c66a  config_botoes           
0000c68c  writeToLCD              
0000c6ae  _c_int00_noargs_noexit  
0000c6c8  setAddr                 
0000c6e2  __mspabi_divu           
0000c6e2  __mspabi_remu           
0000c6f8  writeStringToLCD        
0000c70e  __TI_zero_init          
0000c722  __mspabi_mpyi           
0000c722  __mspabi_mpyi_sw        
0000c736  memcpy                  
0000c748  __mspabi_func_epilog_7  
0000c74a  __mspabi_func_epilog_6  
0000c74c  __mspabi_func_epilog_5  
0000c74e  __mspabi_func_epilog_4  
0000c750  __mspabi_func_epilog_3  
0000c752  __mspabi_func_epilog_2  
0000c754  __mspabi_func_epilog_1  
0000c758  Timer_A0                
0000c762  __TI_ISR_TRAP           
0000c76a  C$$EXIT                 
0000c76a  abort                   
0000c770  _system_pre_init        
0000c774  _system_post_cinit      
0000c99e  nome                    
0000c9c2  repeticoes              
0000c9e6  series                  
0000ca0e  __TI_Handler_Table_Base 
0000ca10  __TI_CINIT_Base         
0000ca10  __TI_Handler_Table_Limit
0000ca14  __TI_CINIT_Limit        
0000ffe0  __TI_int00              
0000ffe4  __TI_int02              
0000ffe6  __TI_int03              
0000ffea  __TI_int05              
0000ffec  __TI_int06              
0000ffee  __TI_int07              
0000fff0  __TI_int08              
0000fff2  __TI_int09              
0000fff4  __TI_int10              
0000fff6  __TI_int11              
0000fff8  __TI_int12              
0000fffa  __TI_int13              
0000fffc  __TI_int14              
0000fffe  _reset_vector           
ffffffff  __TI_pprof_out_hndl     
ffffffff  __TI_prof_data_size     
ffffffff  __TI_prof_data_start    
ffffffff  __c_args__              
UNDEFED   __TI_BINIT_Base         
UNDEFED   __TI_BINIT_Limit        
UNDEFED   __TI_INITARRAY_Base     
UNDEFED   __TI_INITARRAY_Limit    

[184 symbols]
